Animals
Cat
Dog
Fish
Bird
Turtle
Rabbit
Parrot
Snake
Hamster
Mouse
Rat
Horse
Frog
Cow
Pig
Sheep
Lamb
Ox
Deer
Buffalo
Goat
Shark
Whale
Dolphin
Shrimp
Elephant
Zebra
Antelope
Giraff
Lion
Tiger
Leopard
Panther
Cougar
Fox
Wolf
Raccoon
Hippo
Aligator
Crocodile
Kangaroo
Penguin
Cheeta
Lizard
Eagle
Hawk
Monkey
Donkey
Owl
Bear
Seal
Chipmunk
Camel
Aligator
Toad
Crab
Chicken
Turkey
Sting Ray
Weasel
Panda
Bull
Dinosaur
Eel
Butterfly
Fly
Ant
Grasshopper
Cricket
Dragonfly
Mosquito
Spider
Caterpillar
Centipede
Beetle
Worm
Feelings
Happy
Sad
Angry
Mad
Upset
Joy
Glad
Kind
Mean
Sunny
Merry
Calm
Peaceful
Bright
Quiet
Confused
Hungry
Excited
Sleepy
Woozy
Tired
Sick
Well
Dizzy
Proud
Loud
Best
Good
Cranky
Better
Love
Hope
Slow
Fast
Quick
True
False
Big
Small
Friend
Places
Home
School
Church
Town
Sea
Land
Beach
Mountains
Farm
Earth
Heaven
Stars
Sun
Moon
Sky
Space
Island
Ocean
Boat
Lake
River
Volcano
Dock
Woods
City
Country
Plains
Hill
Park
Car
Snow
Rain
Heat
Cold
Road
Street
Path
Neighborhood
College
Store
Food
Pork
Beef
Apple
Grape
Orange
Banana
Mango
Pear
Peach
Pineapple
Coconut
Lemon
Lime
Berry
Cherry
Watermelon
Cantaloupe
Strawberry
Tomato
Onion
Celery
Pepper
Corn
Bean
Peas
Broccoli
Lettuce
Okra
Turnip
Spinach
Potato
Sugar
Salt
Spice
Cinnamon
Vinegar
Cheese
Milk
Butter
Pudding
Crackers
Jello
Yogurt
Cookies
Chocolate
Ice Cream
Pretzels
Popcorns
Peanut Butter
Jelly
Toast
Bagels
Eggs
Bacon
Ham
Grits
Oatmeal
Cereal
Bread
Walnuts
Pecan
Peanut
Cashew
Pizza
Light
Dark
Fun
Loud
Acorn
Grass
Leaf
Water
Smoke
Fire
Sound
Shoes
Shirt
Shorts
Brother
Sister
Mom
Dad
Book
Ruler
King
Queen
Knight
Night
Day
Chair
Meal
Breakfast
Lunch
Dinner
Food
Animals
Feelings
Places
People
